<section id="login_main">
  <div class="row">
    <div class="col-md-6 col-md-offset-2">
      <div class="alert alert-warning">
        <strong>Important!</strong><p>You must confirm your email address before you can sign in to
                            this site.</p><a href="/resend" class="btn btn-primary">Resend Email</a>
      </div>
    </div>
  </div><div class="row">
    <div class="col-md-4">
      <form action="/login" method="POST" autocomplete="off" class="form-stacked">
        <div class="form-group">
          <label for="username" class="control-label">Username</label><input type="text" name="username" class="form-control" />
        </div><div class="form-group">
          <label for="password" class="control-label">password</label><input type="text" name="password" class="form-control" />
        </div><div class="form-group">
          <div>
            <button type="submit" class="btn btn-primary">Login</button><a href="/recover">Forgot Password?</a>
          </div>
        </div>
      </form>
    </div><div class="col-md-offset-1 col-md-3">
      <div style="margin-top:20px">
        <a href="/register" class="btn btn-success btn-block btn-lg">Sign Up</a><p class="help-block">You will need your most recent invoice</p>
      </div><div>
        <h1>YOUR LOGO</h1>
      </div>
    </div>
  </div>
</section>